?   	github.com/jadecobra/agbalumo	[no test files]
ok  	github.com/jadecobra/agbalumo/cmd	3.727s
ok  	github.com/jadecobra/agbalumo/cmd/aglog	1.657s
ok  	github.com/jadecobra/agbalumo/cmd/verify	1.878s
ok  	github.com/jadecobra/agbalumo/internal/common	2.157s
ok  	github.com/jadecobra/agbalumo/internal/config	2.295s
ok  	github.com/jadecobra/agbalumo/internal/domain	2.464s
ok  	github.com/jadecobra/agbalumo/internal/history	2.602s
?   	github.com/jadecobra/agbalumo/internal/infra/env	[no test files]
?   	github.com/jadecobra/agbalumo/internal/infra/metrics	[no test files]
ok  	github.com/jadecobra/agbalumo/internal/infra/server	2.909s
No vulnerabilities found.
No vulnerabilities found.
🚀  Starting Performance Audit...
---------------------------------
[?] Checking Static Asset Sizes... ✅ Passed
[?] Checking SQLite Configuration... ✅ Passed
[?] Checking Search Smoke Benchmark... ✅ Passed
[?] Checking Bulk Insert Benchmark (10k items)... ❌ Failed
---------------------------------
❌ bulk insert benchmark failed: exit status 1
Output: go: go.mod file not found in current directory or any parent directory; see 'go help modules'

--- FAIL: TestRunPerformanceAudit (0.01s)
    perf_test.go:35: Performance audit failed: performance audit failed with 1 issues
FAIL
FAIL	github.com/jadecobra/agbalumo/internal/maintenance	14.261s
ok  	github.com/jadecobra/agbalumo/internal/middleware	1.827s
ok  	github.com/jadecobra/agbalumo/internal/module/admin	7.895s
ok  	github.com/jadecobra/agbalumo/internal/module/auth	3.453s
ok  	github.com/jadecobra/agbalumo/internal/module/feedback	2.589s
ok  	github.com/jadecobra/agbalumo/internal/module/listing	7.677s
ok  	github.com/jadecobra/agbalumo/internal/module/user	2.418s
ok  	github.com/jadecobra/agbalumo/internal/repository/cached	2.313s
ok  	github.com/jadecobra/agbalumo/internal/repository/sqlite	6.176s
ok  	github.com/jadecobra/agbalumo/internal/security	5.960s
ok  	github.com/jadecobra/agbalumo/internal/seeder	3.249s
ok  	github.com/jadecobra/agbalumo/internal/service	5.343s
?   	github.com/jadecobra/agbalumo/internal/testutil	[no test files]
ok  	github.com/jadecobra/agbalumo/internal/testutil/stubs	1.405s
ok  	github.com/jadecobra/agbalumo/internal/ui	1.560s
ok  	github.com/jadecobra/agbalumo/internal/util	1.253s
FAIL
